---
source: crates/noseyparker-cli/tests/scan/snippet_length/mod.rs
expression: stdout
---

 Rule                           Total Findings   Total Matches 
───────────────────────────────────────────────────────────────
 GitHub Personal Access Token                1               1 

