---
source: crates/noseyparker-cli/tests/help/mod.rs
expression: stdout
---
Report detailed scan findings

Usage: noseyparker report [OPTIONS]

Options:
  -d, --datastore <PATH>  Use the specified datastore [env: NP_DATASTORE=] [default: datastore.np]
  -h, --help              Print help (see more with '--help')

Output Options:
  -o, --output <PATH>    Write output to the specified path
  -f, --format <FORMAT>  Write output in the specified format [default: human] [possible values:
                         human, json, jsonl, sarif]
      --max-matches <N>  Limit the number of matches per finding to at most N [default: 3]

Global Options:
  -v, --verbose...       Enable verbose output
      --color <MODE>     Enable or disable colored output [default: auto] [possible values: auto,
                         never, always]
      --progress <MODE>  Enable or disable progress bars [default: auto] [possible values: auto,
                         never, always]

