---
source: crates/noseyparker-cli/tests/rules/mod.rs
expression: stdout
---
110 rules and 2 rulesets: no issues detected

